khuxkm@tilde:~$ test() { echo ${1:-khuxkm}; }
khuxkm@tilde:~$ test
khuxkm
khuxkm@tilde:~$ test root
root
khuxkm@tilde:~$ cat ~/bin/lxd
#!/bin/bash

ssh -i ~/tildekey.pem ${1:-khuxkm}@khuxkm.lxd
khuxkm@tilde:~$ lxd root
Enter passphrase for key '/home/khuxkm/tildekey.pem': 
bash: root: command not found

